(node:642) ExperimentalWarning: The fs.promises API is experimental
(node:6272) ExperimentalWarning: The fs.promises API is experimental
